00:00.014  color_management | Using OCIO=/Applications/Blender.app/Contents/Resources/5.2/datafiles/colormanagement/config.ocio
Info: No active image found in material slot (1) for object "Rush_CityBus"
Info: Baking map saved to internal image, save it externally or pack it

FBX export starting... '/Users/lucas-furini/repos/checkout/unity/CheckoutSimulator/Assets/Resources/EventProps2/Rush_CityBus.fbx'
export finished in 0.0092 sec.
EXPORTED Rush_CityBus {'fbx': '/Users/lucas-furini/repos/checkout/unity/CheckoutSimulator/Assets/Resources/EventProps2/Rush_CityBus.fbx', 'tris': 10293, 'dims': [11.45, 3.28, 3.51], 'atlas': '/Users/lucas-furini/repos/checkout/unity/CheckoutSimulator/Assets/Resources/EventProps2/Rush_CityBus_BaseColor.png'}
Info: Baking map saved to internal image, save it externally or pack it

FBX export starting... '/Users/lucas-furini/repos/checkout/unity/CheckoutSimulator/Assets/Resources/EventProps2/Rush_BusShelter.fbx'
export finished in 0.0042 sec.
EXPORTED Rush_BusShelter {'fbx': '/Users/lucas-furini/repos/checkout/unity/CheckoutSimulator/Assets/Resources/EventProps2/Rush_BusShelter.fbx', 'tris': 2659, 'dims': [5.11, 1.85, 3.08], 'atlas': '/Users/lucas-furini/repos/checkout/unity/CheckoutSimulator/Assets/Resources/EventProps2/Rush_BusShelter_BaseColor.png'}
Info: No active image found in material slot (3) for object "Ofertas_BoxTruck"
Info: Baking map saved to internal image, save it externally or pack it

FBX export starting... '/Users/lucas-furini/repos/checkout/unity/CheckoutSimulator/Assets/Resources/EventProps2/Ofertas_BoxTruck.fbx'
export finished in 0.0920 sec.
EXPORTED Ofertas_BoxTruck {'fbx': '/Users/lucas-furini/repos/checkout/unity/CheckoutSimulator/Assets/Resources/EventProps2/Ofertas_BoxTruck.fbx', 'tris': 8188, 'dims': [7.9, 3.26, 3.32], 'atlas': '/Users/lucas-furini/repos/checkout/unity/CheckoutSimulator/Assets/Resources/EventProps2/Ofertas_BoxTruck_BaseColor.png'}
Info: Baking map saved to internal image, save it externally or pack it

FBX export starting... '/Users/lucas-furini/repos/checkout/unity/CheckoutSimulator/Assets/Resources/EventProps2/Ofertas_PalletStack.fbx'
export finished in 0.0080 sec.
EXPORTED Ofertas_PalletStack {'fbx': '/Users/lucas-furini/repos/checkout/unity/CheckoutSimulator/Assets/Resources/EventProps2/Ofertas_PalletStack.fbx', 'tris': 1420, 'dims': [1.2, 1.0, 0.97], 'atlas': '/Users/lucas-furini/repos/checkout/unity/CheckoutSimulator/Assets/Resources/EventProps2/Ofertas_PalletStack_BaseColor.png'}
Info: Baking map saved to internal image, save it externally or pack it

FBX export starting... '/Users/lucas-furini/repos/checkout/unity/CheckoutSimulator/Assets/Resources/EventProps2/Ofertas_PalletJack.fbx'
export finished in 0.0030 sec.
EXPORTED Ofertas_PalletJack {'fbx': '/Users/lucas-furini/repos/checkout/unity/CheckoutSimulator/Assets/Resources/EventProps2/Ofertas_PalletJack.fbx', 'tris': 788, 'dims': [1.5, 0.7, 1.49], 'atlas': '/Users/lucas-furini/repos/checkout/unity/CheckoutSimulator/Assets/Resources/EventProps2/Ofertas_PalletJack_BaseColor.png'}
Info: No active image found in material slot (1) for object "Transito_Car"
Info: Baking map saved to internal image, save it externally or pack it

FBX export starting... '/Users/lucas-furini/repos/checkout/unity/CheckoutSimulator/Assets/Resources/EventProps2/Transito_Car.fbx'
export finished in 0.0066 sec.
EXPORTED Transito_Car {'fbx': '/Users/lucas-furini/repos/checkout/unity/CheckoutSimulator/Assets/Resources/EventProps2/Transito_Car.fbx', 'tris': 6780, 'dims': [4.2, 2.01, 1.71], 'atlas': '/Users/lucas-furini/repos/checkout/unity/CheckoutSimulator/Assets/Resources/EventProps2/Transito_Car_BaseColor.png'}
Info: Baking map saved to internal image, save it externally or pack it

FBX export starting... '/Users/lucas-furini/repos/checkout/unity/CheckoutSimulator/Assets/Resources/EventProps2/Transito_MessageBoard.fbx'
export finished in 0.0044 sec.
EXPORTED Transito_MessageBoard {'fbx': '/Users/lucas-furini/repos/checkout/unity/CheckoutSimulator/Assets/Resources/EventProps2/Transito_MessageBoard.fbx', 'tris': 2110, 'dims': [2.95, 1.62, 4.13], 'atlas': '/Users/lucas-furini/repos/checkout/unity/CheckoutSimulator/Assets/Resources/EventProps2/Transito_MessageBoard_BaseColor.png'}
Info: No active image found in material slot (1) for object "Vigilancia_Car"
Info: Baking map saved to internal image, save it externally or pack it

FBX export starting... '/Users/lucas-furini/repos/checkout/unity/CheckoutSimulator/Assets/Resources/EventProps2/Vigilancia_Car.fbx'
export finished in 0.0072 sec.
EXPORTED Vigilancia_Car {'fbx': '/Users/lucas-furini/repos/checkout/unity/CheckoutSimulator/Assets/Resources/EventProps2/Vigilancia_Car.fbx', 'tris': 7448, 'dims': [4.7, 2.03, 1.86], 'atlas': '/Users/lucas-furini/repos/checkout/unity/CheckoutSimulator/Assets/Resources/EventProps2/Vigilancia_Car_BaseColor.png'}
Info: No active image found in material slot (1) for object "Som_Van"
Info: Baking map saved to internal image, save it externally or pack it

FBX export starting... '/Users/lucas-furini/repos/checkout/unity/CheckoutSimulator/Assets/Resources/EventProps2/Som_Van.fbx'
export finished in 0.0079 sec.
EXPORTED Som_Van {'fbx': '/Users/lucas-furini/repos/checkout/unity/CheckoutSimulator/Assets/Resources/EventProps2/Som_Van.fbx', 'tris': 8536, 'dims': [4.53, 2.48, 2.68], 'atlas': '/Users/lucas-furini/repos/checkout/unity/CheckoutSimulator/Assets/Resources/EventProps2/Som_Van_BaseColor.png'}
Info: No active image found in material slot (1) for object "Maquininha_TelecomVan"
Info: Baking map saved to internal image, save it externally or pack it

FBX export starting... '/Users/lucas-furini/repos/checkout/unity/CheckoutSimulator/Assets/Resources/EventProps2/Maquininha_TelecomVan.fbx'
export finished in 0.0074 sec.
EXPORTED Maquininha_TelecomVan {'fbx': '/Users/lucas-furini/repos/checkout/unity/CheckoutSimulator/Assets/Resources/EventProps2/Maquininha_TelecomVan.fbx', 'tris': 7978, 'dims': [5.59, 2.52, 2.7], 'atlas': '/Users/lucas-furini/repos/checkout/unity/CheckoutSimulator/Assets/Resources/EventProps2/Maquininha_TelecomVan_BaseColor.png'}
Info: No active image found in material slot (1) for object "Excursao_SchoolBus"
Info: Baking map saved to internal image, save it externally or pack it

FBX export starting... '/Users/lucas-furini/repos/checkout/unity/CheckoutSimulator/Assets/Resources/EventProps2/Excursao_SchoolBus.fbx'
export finished in 0.0236 sec.
EXPORTED Excursao_SchoolBus {'fbx': '/Users/lucas-furini/repos/checkout/unity/CheckoutSimulator/Assets/Resources/EventProps2/Excursao_SchoolBus.fbx', 'tris': 8996, 'dims': [9.37, 3.45, 3.21], 'atlas': '/Users/lucas-furini/repos/checkout/unity/CheckoutSimulator/Assets/Resources/EventProps2/Excursao_SchoolBus_BaseColor.png'}
DONE 22.0
Blender 5.2.1 LTS (hash 9e2066aef7ef built 2026-08-25 01:35:57)

Blender quit
