00:00.019  color_management | Using OCIO=/Applications/Blender.app/Contents/Resources/5.2/datafiles/colormanagement/config.ocio
00:03.462  render           | Saved: '/Users/lucas-furini/repos/checkout/unity/CheckoutSimulator/ArtSource/Review/events_v2/cu_FimMes_AFrame.png'
CLOSEUP FimMes_AFrame /Users/lucas-furini/repos/checkout/unity/CheckoutSimulator/ArtSource/Review/events_v2/cu_FimMes_AFrame.png
DONE 2.5
Blender 5.2.1 LTS (hash 9e2066aef7ef built 2026-08-25 01:35:57)

Blender quit
00:00.017  color_management | Using OCIO=/Applications/Blender.app/Contents/Resources/5.2/datafiles/colormanagement/config.ocio
00:01.801  render           | Saved: '/Users/lucas-furini/repos/checkout/unity/CheckoutSimulator/ArtSource/Review/events_v2/cu_Cafe_BreakTable.png'
CLOSEUP Cafe_BreakTable /Users/lucas-furini/repos/checkout/unity/CheckoutSimulator/ArtSource/Review/events_v2/cu_Cafe_BreakTable.png
DONE 1.1
Blender 5.2.1 LTS (hash 9e2066aef7ef built 2026-08-25 01:35:57)

Blender quit
00:00.015  color_management | Using OCIO=/Applications/Blender.app/Contents/Resources/5.2/datafiles/colormanagement/config.ocio
00:01.579  render           | Saved: '/Users/lucas-furini/repos/checkout/unity/CheckoutSimulator/ArtSource/Review/events_v2/cu_Viral_RingLightTripod.png'
CLOSEUP Viral_RingLightTripod /Users/lucas-furini/repos/checkout/unity/CheckoutSimulator/ArtSource/Review/events_v2/cu_Viral_RingLightTripod.png
DONE 1.1
Blender 5.2.1 LTS (hash 9e2066aef7ef built 2026-08-25 01:35:57)

Blender quit
00:00.015  color_management | Using OCIO=/Applications/Blender.app/Contents/Resources/5.2/datafiles/colormanagement/config.ocio
00:01.975  render           | Saved: '/Users/lucas-furini/repos/checkout/unity/CheckoutSimulator/ArtSource/Review/events_v2/cu_FimMes_EmptyWallet.png'
CLOSEUP FimMes_EmptyWallet /Users/lucas-furini/repos/checkout/unity/CheckoutSimulator/ArtSource/Review/events_v2/cu_FimMes_EmptyWallet.png
DONE 1.3
Blender 5.2.1 LTS (hash 9e2066aef7ef built 2026-08-25 01:35:57)

Blender quit
