00:00.015  color_management | Using OCIO=/Applications/Blender.app/Contents/Resources/5.2/datafiles/colormanagement/config.ocio
FBX version: 7400
FBX version: 7400
FBX version: 7400
ACTOR actor_Customer_07 holder (-3.5, -0.85, 3.06) mesh centre -3.49 -0.85 minz 3.06
ACTOR actor_Customer_09 holder (1.6, 3.4, 0.13) mesh centre 1.6 3.38 minz 0.13
ACTOR actor_Customer_06 holder (-1.2, 2.2, 0.13) mesh centre -1.22 2.19 minz 0.13
00:03.726  gpu.texture      | ERROR Failed to create GPU texture from Blender image
00:03.729  gpu.texture      | ERROR Failed to create GPU texture from Blender image
00:03.732  gpu.texture      | ERROR Failed to create GPU texture from Blender image
00:04.596  render           | Saved: '/Users/lucas-furini/repos/checkout/unity/CheckoutSimulator/ArtSource/Review/events_v2/v2_Maquininha.png'
PREVIEW v2_Maquininha /Users/lucas-furini/repos/checkout/unity/CheckoutSimulator/ArtSource/Review/events_v2/v2_Maquininha.png 3.9
ACTOR actor_Customer_09.001 holder (-3.49, -2.08, 4.69) mesh centre -3.5 -2.07 minz 4.69
ACTOR actor_Customer_06.001 holder (0.6, 0.9, 0.13) mesh centre 0.58 0.9 minz 0.13
ACTOR actor_Customer_07.001 holder (-1.4, 2.3, 0.13) mesh centre -1.41 2.3 minz 0.13
00:12.033  render           | Saved: '/Users/lucas-furini/repos/checkout/unity/CheckoutSimulator/ArtSource/Review/events_v2/v2_QuedaDeEnergia.png'
PREVIEW v2_QuedaDeEnergia /Users/lucas-furini/repos/checkout/unity/CheckoutSimulator/ArtSource/Review/events_v2/v2_QuedaDeEnergia.png 11.3
ACTOR actor_Customer_07.002 holder (-3.9, -3.1, 0.0) mesh centre -3.91 -3.09 minz 0.0
ACTOR actor_Customer_09.002 holder (-1.7, -5.6, 0.0) mesh centre -1.69 -5.59 minz -0.0
ACTOR actor_Customer_06.002 holder (-4.4, 1.4, 0.13) mesh centre -4.41 1.41 minz 0.13
00:27.453  render           | Saved: '/Users/lucas-furini/repos/checkout/unity/CheckoutSimulator/ArtSource/Review/events_v2/v2_RuaEmObras.png'
PREVIEW v2_RuaEmObras /Users/lucas-furini/repos/checkout/unity/CheckoutSimulator/ArtSource/Review/events_v2/v2_RuaEmObras.png 26.7
DONE 26.7
Blender 5.2.1 LTS (hash 9e2066aef7ef built 2026-08-25 01:35:57)

Blender quit
